Archive member included to satisfy reference by file (symbol)

../hal/src/photon/lib/FreeRTOS/STM32F2xx_bootloader.a(crt0_GCC.o)
                              (--whole-archive)
../hal/src/photon/lib/FreeRTOS/STM32F2xx_bootloader.a(hardfault_handler.o)
                              (--whole-archive)
../hal/src/photon/lib/FreeRTOS/STM32F2xx_bootloader.a(host_cm3.o)
                              (--whole-archive)
../hal/src/photon/lib/FreeRTOS/STM32F2xx_bootloader.a(platform_resource.o)
                              (--whole-archive)
../hal/src/photon/lib/FreeRTOS/STM32F2xx_bootloader.a(platform_stdio.o)
                              (--whole-archive)
../hal/src/photon/lib/FreeRTOS/STM32F2xx_bootloader.a(wiced_platform_common.o)
                              (--whole-archive)
../hal/src/photon/lib/FreeRTOS/STM32F2xx_bootloader.a(wwd_platform_separate_mcu.o)
                              (--whole-archive)
../hal/src/photon/lib/FreeRTOS/STM32F2xx_bootloader.a(wwd_resources.o)
                              (--whole-archive)
../hal/src/photon/lib/FreeRTOS/STM32F2xx_bootloader.a(wiced_apps_common.o)
                              (--whole-archive)
../hal/src/photon/lib/FreeRTOS/STM32F2xx_bootloader.a(wiced_waf_common.o)
                              (--whole-archive)
../hal/src/photon/lib/FreeRTOS/STM32F2xx_bootloader.a(wiced_dct_internal_common.o)
                              (--whole-archive)
../hal/src/photon/lib/FreeRTOS/STM32F2xx_bootloader.a(platform_nsclock.o)
                              (--whole-archive)
../hal/src/photon/lib/FreeRTOS/STM32F2xx_bootloader.a(platform_vector_table.o)
                              (--whole-archive)
../hal/src/photon/lib/FreeRTOS/STM32F2xx_bootloader.a(platform_init.o)
                              (--whole-archive)
../hal/src/photon/lib/FreeRTOS/STM32F2xx_bootloader.a(platform_unhandled_isr.o)
                              (--whole-archive)
../hal/src/photon/lib/FreeRTOS/STM32F2xx_bootloader.a(platform_filesystem.o)
                              (--whole-archive)
../hal/src/photon/lib/FreeRTOS/STM32F2xx_bootloader.a(wwd_platform.o)
                              (--whole-archive)
../hal/src/photon/lib/FreeRTOS/STM32F2xx_bootloader.a(wwd_SDIO.o)
                              (--whole-archive)
../hal/src/photon/lib/FreeRTOS/STM32F2xx_bootloader.a(waf_platform.o)
                              (--whole-archive)
../build/target/platform/platform-6-lto//libplatform.a(system_stm32f2xx.o)
                              (--whole-archive)
../build/target/platform/platform-6-lto//libplatform.a(hw_config.o)
                              (--whole-archive)
../build/target/platform/platform-6-lto//libplatform.a(flash_mal.o)
                              (--whole-archive)
../build/target/platform/platform-6-lto//libplatform.a(usb_bsp.o)
                              (--whole-archive)
../build/target/platform/platform-6-lto//libplatform.a(usbd_usr.o)
                              (--whole-archive)
../build/target/platform/platform-6-lto//libplatform.a(usbd_composite.o)
                              (--whole-archive)
../build/target/platform/platform-6-lto//libplatform.a(usbd_mcdc.o)
                              (--whole-archive)
../build/target/platform/platform-6-lto//libplatform.a(usbd_mhid.o)
                              (--whole-archive)
../build/target/platform/platform-6-lto//libplatform.a(hw_ticks.o)
                              (--whole-archive)
../build/target/platform/platform-6-lto//libplatform.a(hw_system_flags.o)
                              (--whole-archive)
../build/target/platform/platform-6-lto//libplatform.a(usbd_core.o)
                              (--whole-archive)
../build/target/platform/platform-6-lto//libplatform.a(usbd_req.o)
                              (--whole-archive)
../build/target/platform/platform-6-lto//libplatform.a(usbd_ioreq.o)
                              (--whole-archive)
../build/target/platform/platform-6-lto//libplatform.a(usbd_dfu_core.o)
                              (--whole-archive)
../build/target/platform/platform-6-lto//libplatform.a(usbd_dfu_mal.o)
                              (--whole-archive)
../build/target/platform/platform-6-lto//libplatform.a(usbd_flash_if.o)
                              (--whole-archive)
../build/target/platform/platform-6-lto//libplatform.a(usbd_dct_if.o)
                              (--whole-archive)
../build/target/platform/platform-6-lto//libplatform.a(usb_core.o)
                              (--whole-archive)
../build/target/platform/platform-6-lto//libplatform.a(usb_dcd_int.o)
                              (--whole-archive)
../build/target/platform/platform-6-lto//libplatform.a(usb_dcd.o)
                              (--whole-archive)
../build/target/services/platform-6-lto//libservices.a(debug.o)
                              (--whole-archive)
../build/target/services/platform-6-lto//libservices.a(jsmn.o)
                              (--whole-archive)
[...]
Memory Configuration

Name             Origin             Length             Attributes
RAM              0x20000000         0x00020000         xrw
APP_FLASH        0x08000000         0x00004000         xr
DCT1_FLASH       0x08004000         0x00004000         xr
DCT2_FLASH       0x08008000         0x00004000         xr
BACKUPSRAM       0x40024000         0x00000c00         xrw
BACKUPSRAM_SYSTEM 0x40024c00         0x00000400         xrw
*default*        0x00000000         0xffffffff

Linker script and memory map

LOAD ../build/target/bootloader/platform-6-lto/./src/main.o
LOAD /tmp/cchqnoGd.ltrans0.ltrans.o
LOAD /tmp/cchqnoGd.ltrans1.ltrans.o
LOAD /tmp/cchqnoGd.ltrans2.ltrans.o
LOAD /tmp/cchqnoGd.ltrans3.ltrans.o
LOAD /tmp/cchqnoGd.ltrans4.ltrans.o
LOAD /tmp/cchqnoGd.ltrans5.ltrans.o
LOAD /tmp/cchqnoGd.ltrans6.ltrans.o
LOAD ../build/target/bootloader/platform-6-lto/./src/module_info.o
LOAD ../build/target/bootloader/platform-6-lto/./src/stm32f2xx/bkpreg_hal.o
LOAD ../build/target/bootloader/platform-6-lto/./src/stm32f2xx/button.o
LOAD ../build/target/bootloader/platform-6-lto/./src/stm32f2xx/deviceid_hal.o
LOAD ../build/target/bootloader/platform-6-lto/./src/stm32f2xx/dfu_usb.o
LOAD ../build/target/bootloader/platform-6-lto/./src/stm32f2xx/hal_irq_flag.o
LOAD ../build/target/bootloader/platform-6-lto/./src/stm32f2xx/led_signal.o
LOAD ../build/target/bootloader/platform-6-lto/./src/stm32f2xx/platform.o
LOAD ../build/target/bootloader/platform-6-lto/./src/stm32f2xx/stm32_it.o
LOAD ../build/target/bootloader/platform-6-lto/./src/stm32f2xx/syshealth.o
LOAD ../build/target/bootloader/platform-6-lto/./src/stm32f2xx/usbd_desc.o
LOAD ../build/target/bootloader/platform-6-lto/./src/photon/startup.o
LOAD ../build/target/bootloader/platform-6-lto/./src/photon/stdperiphdriver/misc.o
LOAD ../build/target/bootloader/platform-6-lto/./src/photon/stdperiphdriver/stm32f2xx_adc.o
LOAD ../build/target/bootloader/platform-6-lto/./src/photon/stdperiphdriver/stm32f2xx_can.o
LOAD ../build/target/bootloader/platform-6-lto/./src/photon/stdperiphdriver/stm32f2xx_crc.o
LOAD ../build/target/bootloader/platform-6-lto/./src/photon/stdperiphdriver/stm32f2xx_cryp_aes.o
LOAD ../build/target/bootloader/platform-6-lto/./src/photon/stdperiphdriver/stm32f2xx_cryp.o
LOAD ../build/target/bootloader/platform-6-lto/./src/photon/stdperiphdriver/stm32f2xx_cryp_des.o
LOAD ../build/target/bootloader/platform-6-lto/./src/photon/stdperiphdriver/stm32f2xx_cryp_tdes.o
LOAD ../build/target/bootloader/platform-6-lto/./src/photon/stdperiphdriver/stm32f2xx_dac.o
LOAD ../build/target/bootloader/platform-6-lto/./src/photon/stdperiphdriver/stm32f2xx_dbgmcu.o
LOAD ../build/target/bootloader/platform-6-lto/./src/photon/stdperiphdriver/stm32f2xx_dcmi.o
LOAD ../build/target/bootloader/platform-6-lto/./src/photon/stdperiphdriver/stm32f2xx_dma.o
LOAD ../build/target/bootloader/platform-6-lto/./src/photon/stdperiphdriver/stm32f2xx_exti.o
LOAD ../build/target/bootloader/platform-6-lto/./src/photon/stdperiphdriver/stm32f2xx_flash.o
LOAD ../build/target/bootloader/platform-6-lto/./src/photon/stdperiphdriver/stm32f2xx_fsmc.o
LOAD ../build/target/bootloader/platform-6-lto/./src/photon/stdperiphdriver/stm32f2xx_gpio.o
LOAD ../build/target/bootloader/platform-6-lto/./src/photon/stdperiphdriver/stm32f2xx_hash.o
LOAD ../build/target/bootloader/platform-6-lto/./src/photon/stdperiphdriver/stm32f2xx_hash_md5.o
LOAD ../build/target/bootloader/platform-6-lto/./src/photon/stdperiphdriver/stm32f2xx_hash_sha1.o
LOAD ../build/target/bootloader/platform-6-lto/./src/photon/stdperiphdriver/stm32f2xx_i2c.o
LOAD ../build/target/bootloader/platform-6-lto/./src/photon/stdperiphdriver/stm32f2xx_iwdg.o
LOAD ../build/target/bootloader/platform-6-lto/./src/photon/stdperiphdriver/stm32f2xx_pwr.o
LOAD ../build/target/bootloader/platform-6-lto/./src/photon/stdperiphdriver/stm32f2xx_rcc.o
LOAD ../build/target/bootloader/platform-6-lto/./src/photon/stdperiphdriver/stm32f2xx_rng.o
LOAD ../build/target/bootloader/platform-6-lto/./src/photon/stdperiphdriver/stm32f2xx_rtc.o
LOAD ../build/target/bootloader/platform-6-lto/./src/photon/stdperiphdriver/stm32f2xx_sdio.o
LOAD ../build/target/bootloader/platform-6-lto/./src/photon/stdperiphdriver/stm32f2xx_spi.o
LOAD ../build/target/bootloader/platform-6-lto/./src/photon/stdperiphdriver/stm32f2xx_syscfg.o
LOAD ../build/target/bootloader/platform-6-lto/./src/photon/stdperiphdriver/stm32f2xx_tim.o
LOAD ../build/target/bootloader/platform-6-lto/./src/photon/stdperiphdriver/stm32f2xx_usart.o
LOAD ../build/target/bootloader/platform-6-lto/./src/photon/stdperiphdriver/stm32f2xx_wwdg.o
LOAD ../build/target/bootloader/platform-6-lto/startup/startup_stm32f2xx.o
LOAD ../hal/src/photon/lib/FreeRTOS/STM32F2xx_bootloader.a
LOAD ../build/target/platform/platform-6-lto//libplatform.a
LOAD ../build/target/services/platform-6-lto//libservices.a
LOAD /usr/arm-none-eabi/bin/../lib/gcc/arm-none-eabi/5.4.1/../../../../arm-none-eabi/lib/armv7-m/libstdc++.a
LOAD /usr/arm-none-eabi/bin/../lib/gcc/arm-none-eabi/5.4.1/../../../../arm-none-eabi/lib/armv7-m/libm.a
START GROUP
LOAD /usr/arm-none-eabi/bin/../lib/gcc/arm-none-eabi/5.4.1/armv7-m/libgcc.a
LOAD /usr/arm-none-eabi/bin/../lib/gcc/arm-none-eabi/5.4.1/../../../../arm-none-eabi/lib/armv7-m/libg.a
LOAD /usr/arm-none-eabi/bin/../lib/gcc/arm-none-eabi/5.4.1/../../../../arm-none-eabi/lib/armv7-m/libc.a
END GROUP
                0x00000800                __Stack_Size = 0x800
                0x2001f800                __Stack_Init = (_estack - __Stack_Size)
                0x00001400                _Minimum_Stack_Size = 0x1400
                [!provide]                PROVIDE (_Stack_Size, __Stack_Size)
                [!provide]                PROVIDE (_Stack_Init, __Stack_Init)
                0x20020000                _estack = 0x20020000

.module_start   0x08000000        0x0
                0x08000000                link_module_start = .

.isr_vector     0x08000000      0x184
                0x08000000                . = ALIGN (0x4)
 *(.interrupt_vector_table)
 .interrupt_vector_table
                0x08000000      0x184 ../build/target/bootloader/platform-6-lto/startup/startup_stm32f2xx.o
                0x08000000                g_pfnVectors
                0x08000184                . = ALIGN (0x4)

.module_info    0x08000184       0x18
                0x08000184                . = ALIGN (0x4)
                0x08000184                link_module_info_start = .
 *.o(.modinfo.module_info)
 .modinfo.module_info
                0x08000184       0x18 /tmp/cchqnoGd.ltrans0.ltrans.o
                0x08000184                module_info
                0x0800019c                link_module_info_end = .

.flashtext      0x0800019c        0x0
                0x0800019c                . = ALIGN (0x4)
 *(.flashtext)
                0x0800019c                . = ALIGN (0x4)

.text           0x0800019c     0x392c
                0x0800019c                . = ALIGN (0x4)
 *(.text)
 .text          0x0800019c       0xec /usr/arm-none-eabi/bin/../lib/gcc/arm-none-eabi/5.4.1/../../../../arm-none-eabi/lib/armv7-m/libg.a(lib_a-memcpy.o)
                0x0800019c                memcpy
 *(.text.*)
 .text.startup.main
                0x08000288      0xad8 /tmp/cchqnoGd.ltrans0.ltrans.o
                0x08000288                main
 .text.HAL_DFU_USB_Handle_Vendor_Request.lto_priv.113
                0x08000d60       0x28 /tmp/cchqnoGd.ltrans1.ltrans.o
                0x08000d60                HAL_DFU_USB_Handle_Vendor_Request.lto_priv.113
 .text.dummy.lto_priv.112
                0x08000d88        0x2 /tmp/cchqnoGd.ltrans1.ltrans.o
                0x08000d88                dummy.lto_priv.112
 *fill*         0x08000d8a        0x2 
 .text.BUTTON_Check_State
                0x08000d8c       0x54 /tmp/cchqnoGd.ltrans1.ltrans.o
 .text.BUTTON_Check_Irq
                0x08000de0       0x30 /tmp/cchqnoGd.ltrans1.ltrans.o
 .text.OTG_HS_IRQHandler
                0x08000e10      0x4b4 /tmp/cchqnoGd.ltrans1.ltrans.o
                0x08000e10                OTG_HS_IRQHandler
 .text.SysTick_Handler
                0x080012c4       0xac /tmp/cchqnoGd.ltrans1.ltrans.o
                0x080012c4                SysTick_Handler
 .text.PendSV_Handler
                0x08001370        0x2 /tmp/cchqnoGd.ltrans1.ltrans.o
                0x08001370                PendSV_Handler
 .text.DebugMon_Handler
                0x08001372        0x2 /tmp/cchqnoGd.ltrans1.ltrans.o
                0x08001372                DebugMon_Handler
 .text.SVC_Handler
                0x08001374        0x2 /tmp/cchqnoGd.ltrans1.ltrans.o
                0x08001374                SVC_Handler
 .text.UsageFault_Handler
                0x08001376        0x2 /tmp/cchqnoGd.ltrans1.ltrans.o
                0x08001376                UsageFault_Handler
 .text.BusFault_Handler
                0x08001378        0x2 /tmp/cchqnoGd.ltrans1.ltrans.o
                0x08001378                BusFault_Handler
 .text.MemManage_Handler
                0x0800137a        0x2 /tmp/cchqnoGd.ltrans1.ltrans.o
                0x0800137a                MemManage_Handler
 .text.HardFault_Handler
                0x0800137c        0x2 /tmp/cchqnoGd.ltrans1.ltrans.o
                0x0800137c                HardFault_Handler
 .text.NMI_Handler
                0x0800137e        0x2 /tmp/cchqnoGd.ltrans1.ltrans.o
                0x0800137e                NMI_Handler
 .text.platform_watchdog_kick
                0x08001380       0x10 /tmp/cchqnoGd.ltrans1.ltrans.o
                0x08001380                platform_watchdog_kick
 .text.led_signal_color.lto_priv.116
                0x08001390       0x2e /tmp/cchqnoGd.ltrans1.ltrans.o
                0x08001390                led_signal_color.lto_priv.116
 *fill*         0x080013be        0x2 
 .text.unlikely.is_application_valid
                0x080013c0       0x3c /tmp/cchqnoGd.ltrans1.ltrans.o
                0x080013c0                is_application_valid
 .text.BUTTON_Pressed_Time
                0x080013fc       0x2c /tmp/cchqnoGd.ltrans1.ltrans.o
                0x080013fc                BUTTON_Pressed_Time
 .text.BUTTON_Is_Pressed
                0x08001428       0x24 /tmp/cchqnoGd.ltrans1.ltrans.o
                0x08001428                BUTTON_Is_Pressed
 .text.BUTTON_Debounce
                0x0800144c       0x40 /tmp/cchqnoGd.ltrans1.ltrans.o
                0x0800144c                BUTTON_Debounce
 .text.TIM2_IRQHandler
                0x0800148c       0x1e /tmp/cchqnoGd.ltrans1.ltrans.o
                0x0800148c                TIM2_IRQHandler
 *fill*         0x080014aa        0x2 
 .text.BUTTON_Irq_Handler
                0x080014ac       0x30 /tmp/cchqnoGd.ltrans1.ltrans.o
                0x080014ac                BUTTON_Irq_Handler
 .text.CallConstructors
                0x080014dc        0x4 /tmp/cchqnoGd.ltrans1.ltrans.o
                0x080014dc                CallConstructors
 .text.OTG_HS_WKUP_IRQHandler
                0x080014e0       0x4c /tmp/cchqnoGd.ltrans1.ltrans.o
                0x080014e0                OTG_HS_WKUP_IRQHandler
 .text.USBD_DataOutStage.lto_priv.94
                0x0800152c       0x92 /tmp/cchqnoGd.ltrans2.ltrans.o
                0x0800152c                USBD_DataOutStage.lto_priv.94
 *fill*         0x080015be        0x2 
 .text.USBD_SetupStage.lto_priv.96
                0x080015c0      0x46c /tmp/cchqnoGd.ltrans2.ltrans.o
                0x080015c0                USBD_SetupStage.lto_priv.96
 .text.USB_OTG_BSP_uDelay
                0x08001a2c       0x14 /tmp/cchqnoGd.ltrans2.ltrans.o
                0x08001a2c                USB_OTG_BSP_uDelay
 .text.FLASH_WriteProtection_Disable.part.4
                0x08001a40       0x5c /tmp/cchqnoGd.ltrans2.ltrans.o
                0x08001a40                FLASH_WriteProtection_Disable.part.4
 .text.unlikely.FLASH_ApplyFactoryResetImage
                0x08001a9c       0x50 /tmp/cchqnoGd.ltrans2.ltrans.o
                0x08001a9c                FLASH_ApplyFactoryResetImage
 .text.FLASH_CopyMemory
                0x08001aec      0x15c /tmp/cchqnoGd.ltrans2.ltrans.o
                0x08001aec                FLASH_CopyMemory
 .text.DCT_If_Erase
                0x08001c48        0x4 /tmp/cchqnoGd.ltrans3.ltrans.o
                0x08001c48                DCT_If_Erase
 .text.FLASH_If_Init
                0x08001c4c        0x4 /tmp/cchqnoGd.ltrans3.ltrans.o
                0x08001c4c                FLASH_If_Init
 .text.DCT_If_Init
                0x08001c50        0x4 /tmp/cchqnoGd.ltrans3.ltrans.o
                0x08001c50                DCT_If_Init
 .text.FLASH_If_CheckAdd
                0x08001c54       0x10 /tmp/cchqnoGd.ltrans3.ltrans.o
                0x08001c54                FLASH_If_CheckAdd
 .text.FLASH_If_Verify
                0x08001c64       0x24 /tmp/cchqnoGd.ltrans3.ltrans.o
                0x08001c64                FLASH_If_Verify
 .text.FLASH_If_Read
                0x08001c88        0x2 /tmp/cchqnoGd.ltrans3.ltrans.o
                0x08001c88                FLASH_If_Read
 .text.FLASH_If_DeInit
                0x08001c8a        0x4 /tmp/cchqnoGd.ltrans3.ltrans.o
                0x08001c8a                FLASH_If_DeInit
 *fill*         0x08001c8e        0x2 
 .text.USBD_DFU_GetOtherCfgDesc.lto_priv.109
                0x08001c90        0xc /tmp/cchqnoGd.ltrans3.ltrans.o
                0x08001c90                USBD_DFU_GetOtherCfgDesc.lto_priv.109
 .text.USBD_DFU_GetCfgDesc.lto_priv.108
                0x08001c9c        0xc /tmp/cchqnoGd.ltrans3.ltrans.o
                0x08001c9c                USBD_DFU_GetCfgDesc.lto_priv.108
 .text.EP0_RxReady.lto_priv.107
                0x08001ca8        0x4 /tmp/cchqnoGd.ltrans3.ltrans.o
                0x08001ca8                EP0_RxReady.lto_priv.107
 .text.usbd_dfu_Init.lto_priv.103
                0x08001cac       0x30 /tmp/cchqnoGd.ltrans3.ltrans.o
                0x08001cac                usbd_dfu_Init.lto_priv.103
 .text.USBD_IsoOUTIncomplete.lto_priv.102
                0x08001cdc        0xe /tmp/cchqnoGd.ltrans3.ltrans.o
                0x08001cdc                USBD_IsoOUTIncomplete.lto_priv.102
 .text.USBD_IsoINIncomplete.lto_priv.101
                0x08001cea        0xe /tmp/cchqnoGd.ltrans3.ltrans.o
                0x08001cea                USBD_IsoINIncomplete.lto_priv.101
 .text.USBD_SOF.lto_priv.97
                0x08001cf8       0x10 /tmp/cchqnoGd.ltrans3.ltrans.o
                0x08001cf8                USBD_SOF.lto_priv.97
 .text.USBD_Suspend.lto_priv.99
                0x08001d08       0x1e /tmp/cchqnoGd.ltrans3.ltrans.o
                0x08001d08                USBD_Suspend.lto_priv.99
 .text.USBD_Resume.lto_priv.100
                0x08001d26       0x18 /tmp/cchqnoGd.ltrans3.ltrans.o
                0x08001d26                USBD_Resume.lto_priv.100
 *fill*         0x08001d3e        0x2 
 .text.USBD_DFU_GetUsrStringDesc.lto_priv.110
                0x08001d40       0x24 /tmp/cchqnoGd.ltrans3.ltrans.o
                0x08001d40                USBD_DFU_GetUsrStringDesc.lto_priv.110
 .text.USBD_DataInStage.lto_priv.95
                0x08001d64       0xc4 /tmp/cchqnoGd.ltrans3.ltrans.o
                0x08001d64                USBD_DataInStage.lto_priv.95
 .text.USBD_Reset.lto_priv.98
                0x08001e28       0x54 /tmp/cchqnoGd.ltrans3.ltrans.o
                0x08001e28                USBD_Reset.lto_priv.98
 .text.MAL_CheckAdd.lto_priv.89
                0x08001e7c       0x1c /tmp/cchqnoGd.ltrans3.ltrans.o
                0x08001e7c                MAL_CheckAdd.lto_priv.89
 .text.MAL_DeInit
                0x08001e98       0x20 /tmp/cchqnoGd.ltrans3.ltrans.o
                0x08001e98                MAL_DeInit
 .text.usbd_dfu_DeInit.lto_priv.104
                0x08001eb8       0x30 /tmp/cchqnoGd.ltrans3.ltrans.o
                0x08001eb8                usbd_dfu_DeInit.lto_priv.104
 .text.USBD_CtlSendStatus
                0x08001ee8       0x1c /tmp/cchqnoGd.ltrans3.ltrans.o
                0x08001ee8                USBD_CtlSendStatus
 .text.USBD_CtlSendData
                0x08001f04       0x1a /tmp/cchqnoGd.ltrans3.ltrans.o
                0x08001f04                USBD_CtlSendData
 .text.USBD_CtlError
                0x08001f1e       0x1c /tmp/cchqnoGd.ltrans3.ltrans.o
                0x08001f1e                USBD_CtlError
 *fill*         0x08001f3a        0x2 
 .text.EP0_TxSent.lto_priv.106
                0x08001f3c      0x1a4 /tmp/cchqnoGd.ltrans3.ltrans.o
                0x08001f3c                EP0_TxSent.lto_priv.106
 .text.usbd_dfu_Setup.lto_priv.105
                0x080020e0      0x340 /tmp/cchqnoGd.ltrans3.ltrans.o
                0x080020e0                usbd_dfu_Setup.lto_priv.105
 .text.USBD_SetCfg
                0x08002420       0x1a /tmp/cchqnoGd.ltrans3.ltrans.o
                0x08002420                USBD_SetCfg
 *fill*         0x0800243a        0x2 
 .text.FLASH_If_Write
                0x0800243c       0x6c /tmp/cchqnoGd.ltrans3.ltrans.o
                0x0800243c                FLASH_If_Write
 .text.FLASH_If_Erase
                0x080024a8       0x50 /tmp/cchqnoGd.ltrans3.ltrans.o
                0x080024a8                FLASH_If_Erase
 .text.FLASH_CheckCopyMemory
                0x080024f8      0x100 /tmp/cchqnoGd.ltrans4.ltrans.o
                0x080024f8                FLASH_CheckCopyMemory
 .text.Get_RGB_LED_Max_Value
                0x080025f8        0xc /tmp/cchqnoGd.ltrans4.ltrans.o
                0x080025f8                Get_RGB_LED_Max_Value
 .text.Get_RGB_LED_Values
                0x08002604       0x12 /tmp/cchqnoGd.ltrans4.ltrans.o
                0x08002604                Get_RGB_LED_Values
 *fill*         0x08002616        0x2 
 .text.Led_Set_Value
                0x08002618       0x44 /tmp/cchqnoGd.ltrans4.ltrans.o
 .text.Set_RGB_LED_Values
                0x0800265c       0x2c /tmp/cchqnoGd.ltrans4.ltrans.o
                0x0800265c                Set_RGB_LED_Values
 .text.addressToSectorIndex
                0x08002688       0x50 /tmp/cchqnoGd.ltrans4.ltrans.o
                0x08002688                addressToSectorIndex
 .text.Save_SystemFlags
                0x080026d8       0x10 /tmp/cchqnoGd.ltrans4.ltrans.o
                0x080026d8                Save_SystemFlags
 .text.BUTTON_EXTI_Config
                0x080026e8       0xa8 /tmp/cchqnoGd.ltrans4.ltrans.o
                0x080026e8                BUTTON_EXTI_Config
 .text.Timer_Configure_Pwm.lto_priv.117
                0x08002790      0x198 /tmp/cchqnoGd.ltrans4.ltrans.o
                0x08002790                Timer_Configure_Pwm.lto_priv.117
 .text.Timer_Configure.lto_priv.118
                0x08002928      0x128 /tmp/cchqnoGd.ltrans4.ltrans.o
                0x08002928                Timer_Configure.lto_priv.118
 .text.unlikely.NVIC_SystemReset.lto_priv.92.lto_priv.114
                0x08002a50       0x20 /tmp/cchqnoGd.ltrans4.ltrans.o
                0x08002a50                NVIC_SystemReset.lto_priv.92.lto_priv.114
 .text.SystemInit
                0x08002a70       0xd4 /tmp/cchqnoGd.ltrans4.ltrans.o
                0x08002a70                SystemInit
 .text.RTC_WriteBackupRegister
                0x08002b44       0x20 /tmp/cchqnoGd.ltrans4.ltrans.o
                0x08002b44                RTC_WriteBackupRegister
 .text.Finish_Update
                0x08002b64       0x30 /tmp/cchqnoGd.ltrans4.ltrans.o
                0x08002b64                Finish_Update
 .text.unlikely.FACTORY_Flash_Reset
                0x08002b94       0x34 /tmp/cchqnoGd.ltrans4.ltrans.o
                0x08002b94                FACTORY_Flash_Reset
 .text.RCC_GetFlagStatus
                0x08002bc8       0x28 /tmp/cchqnoGd.ltrans4.ltrans.o
                0x08002bc8                RCC_GetFlagStatus
 .text.ccr_scale
                0x08002bf0       0x18 /tmp/cchqnoGd.ltrans5.ltrans.o
 .text.USB_OTG_EP0StartXfer
                0x08002c08       0xe0 /tmp/cchqnoGd.ltrans5.ltrans.o
 .text.DCT_If_CheckAdd
                0x08002ce8        0xc /tmp/cchqnoGd.ltrans5.ltrans.o
 .text.DCT_If_DeInit
                0x08002cf4        0x4 /tmp/cchqnoGd.ltrans5.ltrans.o
 .text.DCT_If_Verify
                0x08002cf8        0x4 /tmp/cchqnoGd.ltrans5.ltrans.o
 .text.DCT_If_Read
                0x08002cfc        0x4 /tmp/cchqnoGd.ltrans5.ltrans.o
 .text.DCT_If_Write
                0x08002d00       0x18 /tmp/cchqnoGd.ltrans5.ltrans.o
 .text.call_constructors.constprop.88
                0x08002d18       0x1c /tmp/cchqnoGd.ltrans5.ltrans.o
                0x08002d18                call_constructors.constprop.88
 .text.USB_OTG_FlushTxFifo.constprop.82
                0x08002d34       0x44 /tmp/cchqnoGd.ltrans5.ltrans.o
                0x08002d34                USB_OTG_FlushTxFifo.constprop.82
 .text.BUTTON_Init.constprop.55
                0x08002d78       0xb0 /tmp/cchqnoGd.ltrans5.ltrans.o
                0x08002d78                BUTTON_Init.constprop.55
 .text.USBD_GetString.constprop.14
                0x08002e28       0x40 /tmp/cchqnoGd.ltrans5.ltrans.o
                0x08002e28                USBD_GetString.constprop.14
 .text.DCD_EP_Tx.constprop.6
                0x08002e68       0x2a /tmp/cchqnoGd.ltrans5.ltrans.o
                0x08002e68                DCD_EP_Tx.constprop.6
 .text.DCD_EP_PrepareRx.constprop.4
                0x08002e92       0x30 /tmp/cchqnoGd.ltrans5.ltrans.o
                0x08002e92                DCD_EP_PrepareRx.constprop.4
 *fill*         0x08002ec2        0x2 
 .text.MAL_GetStatus.constprop.1
                0x08002ec4       0x48 /tmp/cchqnoGd.ltrans5.ltrans.o
                0x08002ec4                MAL_GetStatus.constprop.1
 .text.startup._GLOBAL__sub_I_led_set_status_active
                0x08002f0c       0x20 /tmp/cchqnoGd.ltrans5.ltrans.o
 .text.Set_RGB_LED_Color
                0x08002f2c       0x2e /tmp/cchqnoGd.ltrans5.ltrans.o
                0x08002f2c                Set_RGB_LED_Color
 *fill*         0x08002f5a        0x2 
 .text.LED_Toggle.part.4
                0x08002f5c       0x48 /tmp/cchqnoGd.ltrans5.ltrans.o
                0x08002f5c                LED_Toggle.part.4
 .text.DCD_DevDisconnect
                0x08002fa4       0x12 /tmp/cchqnoGd.ltrans5.ltrans.o
                0x08002fa4                DCD_DevDisconnect
 .text.DCD_EP_Stall
                0x08002fb6       0x50 /tmp/cchqnoGd.ltrans5.ltrans.o
                0x08002fb6                DCD_EP_Stall
 *fill*         0x08003006        0x2 
 .text.USB_OTG_CoreReset.isra.1.lto_priv.115
                0x08003008       0x50 /tmp/cchqnoGd.ltrans5.ltrans.o
                0x08003008                USB_OTG_CoreReset.isra.1.lto_priv.115
 .text.USB_OTG_EP0_OutStart
                0x08003058       0x42 /tmp/cchqnoGd.ltrans5.ltrans.o
                0x08003058                USB_OTG_EP0_OutStart
 .text.USB_OTG_EPActivate
                0x0800309a       0x6c /tmp/cchqnoGd.ltrans5.ltrans.o
                0x0800309a                USB_OTG_EPActivate
 *fill*         0x08003106        0x2 
 .text.FLASH_GetStatus
                0x08003108       0x34 /tmp/cchqnoGd.ltrans6.ltrans.o
 .text.USBD_USR_MsftStrDescriptor.lto_priv.111
                0x0800313c        0xc /tmp/cchqnoGd.ltrans6.ltrans.o
                0x0800313c                USBD_USR_MsftStrDescriptor.lto_priv.111
 .text.USBD_USR_LangIDStrDescriptor
                0x08003148        0xc /tmp/cchqnoGd.ltrans6.ltrans.o
                0x08003148                USBD_USR_LangIDStrDescriptor
 .text.USBD_USR_DeviceDescriptor
                0x08003154        0xc /tmp/cchqnoGd.ltrans6.ltrans.o
                0x08003154                USBD_USR_DeviceDescriptor
 .text.USBD_USR_ConfigStrDescriptor
                0x08003160       0x14 /tmp/cchqnoGd.ltrans6.ltrans.o
                0x08003160                USBD_USR_ConfigStrDescriptor
 .text.USBD_USR_InterfaceStrDescriptor
                0x08003174       0x14 /tmp/cchqnoGd.ltrans6.ltrans.o
                0x08003174                USBD_USR_InterfaceStrDescriptor
 .text.USBD_USR_ManufacturerStrDescriptor
                0x08003188       0x14 /tmp/cchqnoGd.ltrans6.ltrans.o
                0x08003188                USBD_USR_ManufacturerStrDescriptor
 .text.USBD_USR_ProductStrDescriptor
                0x0800319c       0x14 /tmp/cchqnoGd.ltrans6.ltrans.o
                0x0800319c                USBD_USR_ProductStrDescriptor
 .text.USBD_USR_SerialStrDescriptor
                0x080031b0       0x68 /tmp/cchqnoGd.ltrans6.ltrans.o
                0x080031b0                USBD_USR_SerialStrDescriptor
 .text.GPIO_Init
                0x08003218       0x84 /tmp/cchqnoGd.ltrans6.ltrans.o
                0x08003218                GPIO_Init
 .text.FLASH_WaitForLastOperation
                0x0800329c       0x22 /tmp/cchqnoGd.ltrans6.ltrans.o
                0x0800329c                FLASH_WaitForLastOperation
 *fill*         0x080032be        0x2 
 .text.FLASH_ClearFlag
                0x080032c0        0xc /tmp/cchqnoGd.ltrans6.ltrans.o
                0x080032c0                FLASH_ClearFlag
 .text.FLASH_ProgramByte
                0x080032cc       0x38 /tmp/cchqnoGd.ltrans6.ltrans.o
                0x080032cc                FLASH_ProgramByte
 .text.FLASH_ProgramWord
                0x08003304       0x3c /tmp/cchqnoGd.ltrans6.ltrans.o
                0x08003304                FLASH_ProgramWord
 .text.FLASH_EraseSector
                0x08003340       0x6c /tmp/cchqnoGd.ltrans6.ltrans.o
                0x08003340                FLASH_EraseSector
 .text.FLASH_Lock
                0x080033ac       0x10 /tmp/cchqnoGd.ltrans6.ltrans.o
                0x080033ac                FLASH_Lock
 .text.FLASH_Unlock
                0x080033bc       0x1c /tmp/cchqnoGd.ltrans6.ltrans.o
                0x080033bc                FLASH_Unlock
 .text.NVIC_Init.part.0
                0x080033d8       0x50 /tmp/cchqnoGd.ltrans6.ltrans.o
                0x080033d8                NVIC_Init.part.0
 .text.EXTI15_10_IRQHandler
                0x08003428       0x36 /tmp/cchqnoGd.ltrans6.ltrans.o
                0x08003428                EXTI15_10_IRQHandler
 .text.EXTI9_5_IRQHandler
                0x0800345e       0x28 /tmp/cchqnoGd.ltrans6.ltrans.o
                0x0800345e                EXTI9_5_IRQHandler
 .text.EXTI4_IRQHandler
                0x08003486        0x6 /tmp/cchqnoGd.ltrans6.ltrans.o
                0x08003486                EXTI4_IRQHandler
 .text.EXTI3_IRQHandler
                0x0800348c        0x6 /tmp/cchqnoGd.ltrans6.ltrans.o
                0x0800348c                EXTI3_IRQHandler
 .text.EXTI2_IRQHandler
                0x08003492        0x6 /tmp/cchqnoGd.ltrans6.ltrans.o
                0x08003492                EXTI2_IRQHandler
 .text.EXTI1_IRQHandler
                0x08003498        0x6 /tmp/cchqnoGd.ltrans6.ltrans.o
                0x08003498                EXTI1_IRQHandler
 .text.EXTI0_IRQHandler
                0x0800349e        0x6 /tmp/cchqnoGd.ltrans6.ltrans.o
                0x0800349e                EXTI0_IRQHandler
 .text.Reset_Handler
                0x080034a4       0x48 ../build/target/bootloader/platform-6-lto/startup/startup_stm32f2xx.o
                0x080034a4                Reset_Handler
 .text.Default_Handler
                0x080034ec        0x2 ../build/target/bootloader/platform-6-lto/startup/startup_stm32f2xx.o
                0x080034ec                RTC_Alarm_IRQHandler
                0x080034ec                HASH_RNG_IRQHandler
                0x080034ec                TIM8_CC_IRQHandler
                0x080034ec                TIM1_CC_IRQHandler
                0x080034ec                DMA2_Stream5_IRQHandler
                0x080034ec                DMA1_Stream5_IRQHandler
                0x080034ec                PVD_IRQHandler
                0x080034ec                SDIO_IRQHandler
                0x080034ec                TAMP_STAMP_IRQHandler
                0x080034ec                CAN2_RX1_IRQHandler
                0x080034ec                TIM8_TRG_COM_TIM14_IRQHandler
                0x080034ec                TIM1_UP_TIM10_IRQHandler
                0x080034ec                TIM8_UP_TIM13_IRQHandler
                0x080034ec                I2C3_ER_IRQHandler
                0x080034ec                I2C2_EV_IRQHandler
                0x080034ec                DMA1_Stream2_IRQHandler
                0x080034ec                CAN1_RX0_IRQHandler
                0x080034ec                CAN2_SCE_IRQHandler
                0x080034ec                DMA2_Stream2_IRQHandler
                0x080034ec                SPI1_IRQHandler
                0x080034ec                TIM6_DAC_IRQHandler
                0x080034ec                TIM1_BRK_TIM9_IRQHandler
                0x080034ec                DCMI_IRQHandler
                0x080034ec                CAN2_RX0_IRQHandler
                0x080034ec                DMA2_Stream3_IRQHandler
                0x080034ec                USART6_IRQHandler
                0x080034ec                USART3_IRQHandler
                0x080034ec                CRYP_IRQHandler
                0x080034ec                CAN1_RX1_IRQHandler
                0x080034ec                UART5_IRQHandler
                0x080034ec                DMA2_Stream0_IRQHandler
                0x080034ec                TIM4_IRQHandler
                0x080034ec                I2C1_EV_IRQHandler
                0x080034ec                DMA1_Stream6_IRQHandler
                0x080034ec                DMA1_Stream1_IRQHandler
                0x080034ec                UART4_IRQHandler
                0x080034ec                TIM3_IRQHandler
                0x080034ec                RCC_IRQHandler
                0x080034ec                TIM8_BRK_TIM12_IRQHandler
                0x080034ec                Default_Handler
                0x080034ec                ADC_IRQHandler
                0x080034ec                DMA1_Stream7_IRQHandler
                0x080034ec                TIM7_IRQHandler
                0x080034ec                CAN2_TX_IRQHandler
                0x080034ec                TIM5_IRQHandler
                0x080034ec                DMA2_Stream7_IRQHandler
                0x080034ec                I2C3_EV_IRQHandler
                0x080034ec                RTC_WKUP_IRQHandler
                0x080034ec                ETH_WKUP_IRQHandler
                0x080034ec                SPI2_IRQHandler
                0x080034ec                OTG_HS_EP1_IN_IRQHandler
                0x080034ec                DMA1_Stream0_IRQHandler
                0x080034ec                CAN1_TX_IRQHandler
                0x080034ec                FSMC_IRQHandler
                0x080034ec                ETH_IRQHandler
                0x080034ec                OTG_HS_EP1_OUT_IRQHandler
                0x080034ec                WWDG_IRQHandler
                0x080034ec                OTG_FS_WKUP_IRQHandler
                0x080034ec                TIM1_TRG_COM_TIM11_IRQHandler
                0x080034ec                USART2_IRQHandler
                0x080034ec                I2C2_ER_IRQHandler
                0x080034ec                DMA2_Stream1_IRQHandler
                0x080034ec                CAN1_SCE_IRQHandler
                0x080034ec                FLASH_IRQHandler
                0x080034ec                DMA2_Stream4_IRQHandler
                0x080034ec                USART1_IRQHandler
                0x080034ec                OTG_FS_IRQHandler
                0x080034ec                SPI3_IRQHandler
                0x080034ec                DMA1_Stream4_IRQHandler
                0x080034ec                I2C1_ER_IRQHandler
                0x080034ec                DMA2_Stream6_IRQHandler
                0x080034ec                DMA1_Stream3_IRQHandler
 *fill*         0x080034ee        0x2 
 .text.wiced_erase_dct
                0x080034f0       0x54 ../hal/src/photon/lib/FreeRTOS/STM32F2xx_bootloader.a(wiced_dct_internal_common.o)
 .text.wiced_dct_get_current_address
                0x08003544       0x88 ../hal/src/photon/lib/FreeRTOS/STM32F2xx_bootloader.a(wiced_dct_internal_common.o)
                0x08003544                wiced_dct_get_current_address
 .text.wiced_write_dct.constprop.1
                0x080035cc      0x114 ../hal/src/photon/lib/FreeRTOS/STM32F2xx_bootloader.a(wiced_dct_internal_common.o)
 .text.dct_read_app_data
                0x080036e0        0xe ../hal/src/photon/lib/FreeRTOS/STM32F2xx_bootloader.a(wiced_dct_internal_common.o)
                0x080036e0                dct_read_app_data
 .text.dct_write_app_data
                0x080036ee       0x2c ../hal/src/photon/lib/FreeRTOS/STM32F2xx_bootloader.a(wiced_dct_internal_common.o)
                0x080036ee                dct_write_app_data
 .text.platform_erase_flash
                0x0800371a       0x36 ../hal/src/photon/lib/FreeRTOS/STM32F2xx_bootloader.a(waf_platform.o)
                0x0800371a                platform_erase_flash
 .text.platform_write_flash_chunk
                0x08003750       0x7a ../hal/src/photon/lib/FreeRTOS/STM32F2xx_bootloader.a(waf_platform.o)
                0x08003750                platform_write_flash_chunk
 *fill*         0x080037ca        0x2 
 .text.memcmp   0x080037cc       0x64 /usr/arm-none-eabi/bin/../lib/gcc/arm-none-eabi/5.4.1/../../../../arm-none-eabi/lib/armv7-m/libg.a(lib_a-memcmp.o)
                0x080037cc                memcmp
 .text.memset   0x08003830       0x9c /usr/arm-none-eabi/bin/../lib/gcc/arm-none-eabi/5.4.1/../../../../arm-none-eabi/lib/armv7-m/libg.a(lib_a-memset.o)
                0x08003830                memset
 *(.rodata)
 *(.rodata*)
 .rodata.HAL_Leds_Default_Data
                0x080038cc       0x60 /tmp/cchqnoGd.ltrans0.ltrans.o
 .rodata.sectorAddresses.lto_priv.91
                0x0800392c       0x18 /tmp/cchqnoGd.ltrans2.ltrans.o
                0x0800392c                sectorAddresses.lto_priv.91
 .rodata.usbd_dfu_StringDesc
                0x08003944        0x8 /tmp/cchqnoGd.ltrans3.ltrans.o
 .rodata.flashSectors.lto_priv.90
                0x0800394c        0xc /tmp/cchqnoGd.ltrans3.ltrans.o
                0x0800394c                flashSectors.lto_priv.90
 .rodata.USBD_DFU_MsftExtPropOsDescr
                0x08003958       0x92 /tmp/cchqnoGd.ltrans3.ltrans.o
 .rodata.str1.1
                0x080039ea       0x64 /tmp/cchqnoGd.ltrans3.ltrans.o
 .rodata.USBD_DFU_MsftExtCompatIdOsDescr
                0x08003a4e       0x28 /tmp/cchqnoGd.ltrans3.ltrans.o
 *fill*         0x08003a76        0x2 
 .rodata.tMALTab
                0x08003a78        0x8 /tmp/cchqnoGd.ltrans5.ltrans.o
                0x08003a78                tMALTab
 .rodata.str1.1
                0x08003a80       0x64 /tmp/cchqnoGd.ltrans5.ltrans.o
 .rodata.USBD_MsftStrDesc
                0x08003a80       0x12 /tmp/cchqnoGd.ltrans6.ltrans.o
 .rodata.str1.1
                0x08003a92       0x1d /tmp/cchqnoGd.ltrans6.ltrans.o
 *fill*         0x08003aaf        0x1 
 .rodata.DCT_section_offsets
                0x08003ab0       0x14 ../hal/src/photon/lib/FreeRTOS/STM32F2xx_bootloader.a(wiced_dct_internal_common.o)
 *(.glue_7)
 .glue_7        0x08003ac4        0x0 linker stubs
 *(.glue_7t)
 .glue_7t       0x08003ac4        0x0 linker stubs
                0x08003ac4                . = ALIGN (0x4)
                0x08003ac4                link_constructors_location = .
                0x08003ac4                chk_system_pre_init_start = .
 *(.module_pre_init)
                0x08003ac4                chk_system_pre_init_end = .
 *(.preinit_array)
 *(.init_array)
 .init_array    0x08003ac4        0x4 /tmp/cchqnoGd.ltrans5.ltrans.o
 *crtbegin.o(.ctors)
 *(EXCLUDE_FILE(*crtend.o) .ctors)
 *(SORT(.ctors.*))
 *crtend.o(.ctors)
                0x08003ac8                chk_system_init_start = .
 *(.module_init)
                0x08003ac8                chk_system_init_end = .
                0x08003ac8                link_constructors_end = .
                0x08003ac8                . = ALIGN (0x4)
                0x08003ac8                _etext = .

.vfp11_veneer   0x08003ac8        0x0
 .vfp11_veneer  0x08003ac8        0x0 linker stubs

.v4_bx          0x08003ac8        0x0
 .v4_bx         0x08003ac8        0x0 linker stubs

.iplt           0x08003ac8        0x0
 .iplt          0x08003ac8        0x0 ../build/target/bootloader/platform-6-lto/startup/startup_stm32f2xx.o

.ARM.extab
 *(.ARM.extab* .gnu.linkonce.armextab.*)

.ARM            0x08003ac8        0x0
                0x08003ac8                __exidx_start = .
 *(.ARM.exidx*)
                0x08003ac8                __exidx_end = .

.data           0x20000000      0x1b0 load address 0x08003ac8
                0x08003ac8                _sidata = LOADADDR (.data)
                0x20000000                . = ALIGN (0x4)
                0x20000000                _sdata = .
 *(.data)
 *(.data.*)
 .data.USR_desc
                0x20000000       0x20 /tmp/cchqnoGd.ltrans0.ltrans.o
 .data.FirmwareUpdateColor
                0x20000020        0x4 /tmp/cchqnoGd.ltrans0.ltrans.o
 .data.DFU_USR_cb
                0x20000024       0x20 /tmp/cchqnoGd.ltrans0.ltrans.o
 .data.DFUModeColor
                0x20000044        0x4 /tmp/cchqnoGd.ltrans0.ltrans.o
 .data.SafeModeColor
                0x20000048        0x4 /tmp/cchqnoGd.ltrans0.ltrans.o
 .data.DFU_cb   0x2000004c       0x34 /tmp/cchqnoGd.ltrans1.ltrans.o
                0x2000004c                DFU_cb
 .data.USBD_DCD_INT_cb
                0x20000080       0x2c /tmp/cchqnoGd.ltrans1.ltrans.o
 .data.USBD_DeviceQualifierDesc
                0x200000ac        0xa /tmp/cchqnoGd.ltrans2.ltrans.o
 .data.usbd_dfu_CfgDesc
                0x200000b6       0x24 /tmp/cchqnoGd.ltrans3.ltrans.o
 *fill*         0x200000da        0x2 
 .data.Pointer  0x200000dc        0x4 /tmp/cchqnoGd.ltrans3.ltrans.o
 .data.usbd_dfu_OtherCfgDesc
                0x200000e0       0x24 /tmp/cchqnoGd.ltrans3.ltrans.o
 .data.DFU_DCT_cb
                0x20000104       0x28 /tmp/cchqnoGd.ltrans5.ltrans.o
                0x20000104                DFU_DCT_cb
 .data.led_rgb_brightness
                0x2000012c        0x1 /tmp/cchqnoGd.ltrans5.ltrans.o
 *fill*         0x2000012d        0x3 
 .data.DFU_Flash_cb
                0x20000130       0x28 /tmp/cchqnoGd.ltrans5.ltrans.o
                0x20000130                DFU_Flash_cb
 .data.HAL_Buttons
                0x20000158       0x40 /tmp/cchqnoGd.ltrans5.ltrans.o
                0x20000158                HAL_Buttons
 .data.USBD_LangIDDesc
                0x20000198        0x4 /tmp/cchqnoGd.ltrans6.ltrans.o
 .data.USBD_DeviceDesc
                0x2000019c       0x12 /tmp/cchqnoGd.ltrans6.ltrans.o
                0x200001b0                . = ALIGN (0x4)
 *fill*         0x200001ae        0x2 
                0x200001b0                _edata = .

.igot.plt       0x200001b0        0x0 load address 0x08003c78
 .igot.plt      0x200001b0        0x0 ../build/target/bootloader/platform-6-lto/startup/startup_stm32f2xx.o

.backup_system  0x40024c00        0x0 load address 0x08003c78
                0x08003c78                link_global_retained_system_initial_values = LOADADDR (.backup_system)
                0x40024c00                link_global_retained_system_start = .
 *(.retained_system*)
                0x40024c00                link_global_retained_system_end = .

.backup         0x40024000        0x0 load address 0x08003c78
                0x08003c78                link_global_retained_initial_values = LOADADDR (.backup)
                0x40024000                link_global_retained_start = .
 *(.retained_user*)
                0x40024000                link_global_retained_end = .
                0x40024000                . = ALIGN (., 0x4)

.bss            0x200001b0     0x1728
                0x200001b0                . = ALIGN (0x4)
                0x200001b0                _sbss = .
 *(.bss)
 *(.bss*)
 .bss.ApplicationAddress
                0x200001b0        0x4 /tmp/cchqnoGd.ltrans0.ltrans.o
 .bss.Jump_To_Application
                0x200001b4        0x4 /tmp/cchqnoGd.ltrans0.ltrans.o
 .bss.SAFE_MODE
                0x200001b8        0x1 /tmp/cchqnoGd.ltrans1.ltrans.o
                0x200001b8                SAFE_MODE
 .bss.OTA_FLASH_AVAILABLE
                0x200001b9        0x1 /tmp/cchqnoGd.ltrans1.ltrans.o
                0x200001b9                OTA_FLASH_AVAILABLE
 .bss.REFLASH_FROM_BACKUP
                0x200001ba        0x1 /tmp/cchqnoGd.ltrans1.ltrans.o
                0x200001ba                REFLASH_FROM_BACKUP
 *fill*         0x200001bb        0x1 
 .bss.system_millis
                0x200001bc        0x4 /tmp/cchqnoGd.ltrans1.ltrans.o
 .bss.TimingBUTTON
                0x200001c0        0x4 /tmp/cchqnoGd.ltrans1.ltrans.o
                0x200001c0                TimingBUTTON
 .bss.TimingLED
                0x200001c4        0x4 /tmp/cchqnoGd.ltrans1.ltrans.o
 .bss.USB_DFU_MODE
                0x200001c8        0x1 /tmp/cchqnoGd.ltrans1.ltrans.o
                0x200001c8                USB_DFU_MODE
 .bss.FACTORY_RESET_MODE
                0x200001c9        0x1 /tmp/cchqnoGd.ltrans1.ltrans.o
                0x200001c9                FACTORY_RESET_MODE
 *fill*         0x200001ca        0x2 
 .bss.system_millis_clock
                0x200001cc        0x4 /tmp/cchqnoGd.ltrans1.ltrans.o
 .bss.USBD_cfg_status
                0x200001d0        0x4 /tmp/cchqnoGd.ltrans2.ltrans.o
 .bss.USBD_ep_status
                0x200001d4        0x4 /tmp/cchqnoGd.ltrans2.ltrans.o
 .bss.USBD_default_cfg
                0x200001d8        0x4 /tmp/cchqnoGd.ltrans2.ltrans.o
 .bss.cfgidx.8937
                0x200001dc        0x1 /tmp/cchqnoGd.ltrans2.ltrans.o
 *fill*         0x200001dd        0x3 
 .bss.DFU_Reset_Count
                0x200001e0        0x4 /tmp/cchqnoGd.ltrans3.ltrans.o
                0x200001e0                DFU_Reset_Count
 .bss.wlength   0x200001e4        0x4 /tmp/cchqnoGd.ltrans3.ltrans.o
 .bss.SET_TEST_MODE
                0x200001e8        0x4 /tmp/cchqnoGd.ltrans3.ltrans.o
                0x200001e8                SET_TEST_MODE
 .bss.wBlockNum
                0x200001ec        0x4 /tmp/cchqnoGd.ltrans3.ltrans.o
 .bss.usbd_dfu_AltSet
                0x200001f0        0x4 /tmp/cchqnoGd.ltrans3.ltrans.o
 .bss.Manifest_State
                0x200001f4        0x4 /tmp/cchqnoGd.ltrans3.ltrans.o
 .bss.DeviceState
                0x200001f8        0x1 /tmp/cchqnoGd.ltrans3.ltrans.o
 *fill*         0x200001f9        0x3 
 .bss.system_flags
                0x200001fc       0x20 /tmp/cchqnoGd.ltrans4.ltrans.o
                0x200001fc                system_flags
 .bss.HAL_Leds_Default
                0x2000021c       0xc0 /tmp/cchqnoGd.ltrans4.ltrans.o
                0x2000021c                HAL_Leds_Default
 .bss.LED_RGB_OVERRIDE
                0x200002dc        0x1 /tmp/cchqnoGd.ltrans5.ltrans.o
 *fill*         0x200002dd        0x3 
 .bss.lastRGBColor
                0x200002e0        0x4 /tmp/cchqnoGd.ltrans5.ltrans.o
                0x200002e0                lastRGBColor
 .bss.MAL_Buffer
                0x200002e4     0x1000 /tmp/cchqnoGd.ltrans5.ltrans.o
                0x200002e4                MAL_Buffer
 .bss.USBD_StrDesc
                0x200012e4       0xff /tmp/cchqnoGd.ltrans5.ltrans.o
                0x200012e4                USBD_StrDesc
 *fill*         0x200013e3        0x1 
 .bss.USB_OTG_dev
                0x200013e4      0x4d4 /tmp/cchqnoGd.ltrans5.ltrans.o
                0x200013e4                USB_OTG_dev
 .bss.lastSignalColor
                0x200018b8        0x4 /tmp/cchqnoGd.ltrans5.ltrans.o
 .bss.DeviceStatus
                0x200018bc        0x6 /tmp/cchqnoGd.ltrans5.ltrans.o
                0x200018bc                DeviceStatus
 *fill*         0x200018c2        0x2 
 .bss._ZN12_GLOBAL__N_110ledServiceE
                0x200018c4       0x14 /tmp/cchqnoGd.ltrans5.ltrans.o
 *(COMMON)
                0x200018d8                . = ALIGN (0x4)
                0x200018d8                _ebss = .
                [!provide]                PROVIDE (end, _ebss)
                [!provide]                PROVIDE (_end, _ebss)

._usrstack      0x200018d8     0x1400
                0x200018d8                . = ALIGN (0x4)
                0x200018d8                _susrstack = .
                0x20002cd8                . = (. + _Minimum_Stack_Size)
 *fill*         0x200018d8     0x1400 
                0x20002cd8                . = ALIGN (0x4)
                0x20002cd8                _eusrstack = .

DISCARD
 libc.a(*)
 libm.a(*)
 libgcc.a(*)

.stab
 *(.stab)

.stabstr
 *(.stabstr)

.stab.excl
 *(.stab.excl)

.stab.exclstr
 *(.stab.exclstr)

.stab.index
 *(.stab.index)

.stab.indexstr
 *(.stab.indexstr)

.comment        0x00000000       0x7f
 *(.comment)
 .comment       0x00000000       0x6e /tmp/cchqnoGd.ltrans0.ltrans.o
                                 0x6f (size before relaxing)
 .comment       0x0000006e       0x6f /tmp/cchqnoGd.ltrans1.ltrans.o
 .comment       0x0000006e       0x6f /tmp/cchqnoGd.ltrans2.ltrans.o
 .comment       0x0000006e       0x6f /tmp/cchqnoGd.ltrans3.ltrans.o
 .comment       0x0000006e       0x6f /tmp/cchqnoGd.ltrans4.ltrans.o
 .comment       0x0000006e       0x6f /tmp/cchqnoGd.ltrans5.ltrans.o
 .comment       0x0000006e       0x6f /tmp/cchqnoGd.ltrans6.ltrans.o
 .comment       0x0000006e       0x11 ../hal/src/photon/lib/FreeRTOS/STM32F2xx_bootloader.a(wiced_dct_internal_common.o)
                                 0x12 (size before relaxing)
 .comment       0x0000007f       0x12 ../hal/src/photon/lib/FreeRTOS/STM32F2xx_bootloader.a(waf_platform.o)

.ARM.attributes
                0x00000000       0x31
 .ARM.attributes
                0x00000000       0x31 /tmp/cchqnoGd.ltrans0.ltrans.o
 .ARM.attributes
                0x00000031       0x31 /tmp/cchqnoGd.ltrans1.ltrans.o
 .ARM.attributes
                0x00000062       0x31 /tmp/cchqnoGd.ltrans2.ltrans.o
 .ARM.attributes
                0x00000093       0x31 /tmp/cchqnoGd.ltrans3.ltrans.o
 .ARM.attributes
                0x000000c4       0x31 /tmp/cchqnoGd.ltrans4.ltrans.o
 .ARM.attributes
                0x000000f5       0x31 /tmp/cchqnoGd.ltrans5.ltrans.o
 .ARM.attributes
                0x00000126       0x31 /tmp/cchqnoGd.ltrans6.ltrans.o
 .ARM.attributes
                0x00000157       0x21 ../build/target/bootloader/platform-6-lto/startup/startup_stm32f2xx.o
 .ARM.attributes
                0x00000178       0x33 ../hal/src/photon/lib/FreeRTOS/STM32F2xx_bootloader.a(wiced_dct_internal_common.o)
 .ARM.attributes
                0x000001ab       0x33 ../hal/src/photon/lib/FreeRTOS/STM32F2xx_bootloader.a(waf_platform.o)
 .ARM.attributes
                0x000001de       0x2d /usr/arm-none-eabi/bin/../lib/gcc/arm-none-eabi/5.4.1/../../../../arm-none-eabi/lib/armv7-m/libg.a(lib_a-memcmp.o)
 .ARM.attributes
                0x0000020b       0x1b /usr/arm-none-eabi/bin/../lib/gcc/arm-none-eabi/5.4.1/../../../../arm-none-eabi/lib/armv7-m/libg.a(lib_a-memcpy.o)
 .ARM.attributes
                0x00000226       0x2d /usr/arm-none-eabi/bin/../lib/gcc/arm-none-eabi/5.4.1/../../../../arm-none-eabi/lib/armv7-m/libg.a(lib_a-memset.o)

.debug
 *(.debug)

.line
 *(.line)

.debug_srcinfo
 *(.debug_srcinfo)

.debug_sfnames
 *(.debug_sfnames)

.debug_aranges  0x00000000      0x610
 *(.debug_aranges)
 .debug_aranges
                0x00000000       0x28 /tmp/cchqnoGd.ltrans0.ltrans.o
 .debug_aranges
                0x00000028       0xd8 /tmp/cchqnoGd.ltrans1.ltrans.o
 .debug_aranges
                0x00000100       0x48 /tmp/cchqnoGd.ltrans2.ltrans.o
 .debug_aranges
                0x00000148       0xf8 /tmp/cchqnoGd.ltrans3.ltrans.o
 .debug_aranges
                0x00000240       0xc0 /tmp/cchqnoGd.ltrans4.ltrans.o
 .debug_aranges
                0x00000300       0xd0 /tmp/cchqnoGd.ltrans5.ltrans.o
 .debug_aranges
                0x000003d0      0x158 /tmp/cchqnoGd.ltrans6.ltrans.o
 .debug_aranges
                0x00000528       0x28 ../build/target/bootloader/platform-6-lto/startup/startup_stm32f2xx.o
 .debug_aranges
                0x00000550       0x80 ../hal/src/photon/lib/FreeRTOS/STM32F2xx_bootloader.a(wiced_dct_internal_common.o)
 .debug_aranges
                0x000005d0       0x40 ../hal/src/photon/lib/FreeRTOS/STM32F2xx_bootloader.a(waf_platform.o)

.debug_pubnames
 *(.debug_pubnames)

.debug_info     0x00000000    0x15e7c
 *(.debug_info .gnu.linkonce.wi.*)
 .debug_info    0x00000000     0x3ece /tmp/cchqnoGd.ltrans0.ltrans.o
 .debug_info    0x00003ece     0x392c /tmp/cchqnoGd.ltrans1.ltrans.o
 .debug_info    0x000077fa     0x289a /tmp/cchqnoGd.ltrans2.ltrans.o
 .debug_info    0x0000a094     0x2888 /tmp/cchqnoGd.ltrans3.ltrans.o
 .debug_info    0x0000c91c     0x1fdc /tmp/cchqnoGd.ltrans4.ltrans.o
 .debug_info    0x0000e8f8     0x3038 /tmp/cchqnoGd.ltrans5.ltrans.o
 .debug_info    0x00011930     0x1351 /tmp/cchqnoGd.ltrans6.ltrans.o
 .debug_info    0x00012c81       0x7b ../build/target/bootloader/platform-6-lto/startup/startup_stm32f2xx.o
 .debug_info    0x00012cfc     0x2307 ../hal/src/photon/lib/FreeRTOS/STM32F2xx_bootloader.a(wiced_dct_internal_common.o)
 .debug_info    0x00015003      0xe79 ../hal/src/photon/lib/FreeRTOS/STM32F2xx_bootloader.a(waf_platform.o)

.debug_abbrev   0x00000000     0x2cad
 *(.debug_abbrev)
 .debug_abbrev  0x00000000      0x54f /tmp/cchqnoGd.ltrans0.ltrans.o
 .debug_abbrev  0x0000054f      0x5dd /tmp/cchqnoGd.ltrans1.ltrans.o
 .debug_abbrev  0x00000b2c      0x4a8 /tmp/cchqnoGd.ltrans2.ltrans.o
 .debug_abbrev  0x00000fd4      0x5d3 /tmp/cchqnoGd.ltrans3.ltrans.o
 .debug_abbrev  0x000015a7      0x5ba /tmp/cchqnoGd.ltrans4.ltrans.o
 .debug_abbrev  0x00001b61      0x66b /tmp/cchqnoGd.ltrans5.ltrans.o
 .debug_abbrev  0x000021cc      0x46a /tmp/cchqnoGd.ltrans6.ltrans.o
 .debug_abbrev  0x00002636       0x12 ../build/target/bootloader/platform-6-lto/startup/startup_stm32f2xx.o
 .debug_abbrev  0x00002648      0x383 ../hal/src/photon/lib/FreeRTOS/STM32F2xx_bootloader.a(wiced_dct_internal_common.o)
 .debug_abbrev  0x000029cb      0x2e2 ../hal/src/photon/lib/FreeRTOS/STM32F2xx_bootloader.a(waf_platform.o)

.debug_line     0x00000000     0x3ff2
 *(.debug_line)
 .debug_line    0x00000000      0xb7b /tmp/cchqnoGd.ltrans0.ltrans.o
 .debug_line    0x00000b7b      0x8e0 /tmp/cchqnoGd.ltrans1.ltrans.o
 .debug_line    0x0000145b      0x651 /tmp/cchqnoGd.ltrans2.ltrans.o
 .debug_line    0x00001aac      0x79d /tmp/cchqnoGd.ltrans3.ltrans.o
 .debug_line    0x00002249      0x820 /tmp/cchqnoGd.ltrans4.ltrans.o
 .debug_line    0x00002a69      0x7e2 /tmp/cchqnoGd.ltrans5.ltrans.o
 .debug_line    0x0000324b      0x5c1 /tmp/cchqnoGd.ltrans6.ltrans.o
 .debug_line    0x0000380c       0x9f ../build/target/bootloader/platform-6-lto/startup/startup_stm32f2xx.o
 .debug_line    0x000038ab      0x434 ../hal/src/photon/lib/FreeRTOS/STM32F2xx_bootloader.a(wiced_dct_internal_common.o)
 .debug_line    0x00003cdf      0x313 ../hal/src/photon/lib/FreeRTOS/STM32F2xx_bootloader.a(waf_platform.o)

.debug_frame    0x00000000      0xfec
 *(.debug_frame)
 .debug_frame   0x00000000       0x3c /tmp/cchqnoGd.ltrans0.ltrans.o
 .debug_frame   0x0000003c      0x214 /tmp/cchqnoGd.ltrans1.ltrans.o
 .debug_frame   0x00000250       0xc8 /tmp/cchqnoGd.ltrans2.ltrans.o
 .debug_frame   0x00000318      0x2d4 /tmp/cchqnoGd.ltrans3.ltrans.o
 .debug_frame   0x000005ec      0x1cc /tmp/cchqnoGd.ltrans4.ltrans.o
 .debug_frame   0x000007b8      0x25c /tmp/cchqnoGd.ltrans5.ltrans.o
 .debug_frame   0x00000a14      0x340 /tmp/cchqnoGd.ltrans6.ltrans.o
 .debug_frame   0x00000d54      0x194 ../hal/src/photon/lib/FreeRTOS/STM32F2xx_bootloader.a(wiced_dct_internal_common.o)
 .debug_frame   0x00000ee8       0x98 ../hal/src/photon/lib/FreeRTOS/STM32F2xx_bootloader.a(waf_platform.o)
 .debug_frame   0x00000f80       0x38 /usr/arm-none-eabi/bin/../lib/gcc/arm-none-eabi/5.4.1/../../../../arm-none-eabi/lib/armv7-m/libg.a(lib_a-memcmp.o)
 .debug_frame   0x00000fb8       0x34 /usr/arm-none-eabi/bin/../lib/gcc/arm-none-eabi/5.4.1/../../../../arm-none-eabi/lib/armv7-m/libg.a(lib_a-memset.o)

.debug_str      0x00000000     0x89f9
 *(.debug_str)
 .debug_str     0x00000000     0x1e52 /tmp/cchqnoGd.ltrans0.ltrans.o
                               0x216b (size before relaxing)
 .debug_str     0x00001e52      0xa86 /tmp/cchqnoGd.ltrans1.ltrans.o
                               0x1cc2 (size before relaxing)
 .debug_str     0x000028d8      0x566 /tmp/cchqnoGd.ltrans2.ltrans.o
                               0x12cd (size before relaxing)
 .debug_str     0x00002e3e      0x66b /tmp/cchqnoGd.ltrans3.ltrans.o
                               0x1339 (size before relaxing)
 .debug_str     0x000034a9      0x7db /tmp/cchqnoGd.ltrans4.ltrans.o
                               0x103e (size before relaxing)
 .debug_str     0x00003c84      0x645 /tmp/cchqnoGd.ltrans5.ltrans.o
                               0x190e (size before relaxing)
 .debug_str     0x000042c9      0x4ff /tmp/cchqnoGd.ltrans6.ltrans.o
                                0xb3d (size before relaxing)
 .debug_str     0x000047c8     0x3fdb ../hal/src/photon/lib/FreeRTOS/STM32F2xx_bootloader.a(wiced_dct_internal_common.o)
                               0x42a4 (size before relaxing)
 .debug_str     0x000087a3      0x256 ../hal/src/photon/lib/FreeRTOS/STM32F2xx_bootloader.a(waf_platform.o)
                               0x2344 (size before relaxing)

.debug_loc      0x00000000     0x7cf7
 *(.debug_loc)
 .debug_loc     0x00000000      0xc46 /tmp/cchqnoGd.ltrans0.ltrans.o
 .debug_loc     0x00000c46      0xe69 /tmp/cchqnoGd.ltrans1.ltrans.o
 .debug_loc     0x00001aaf     0x1498 /tmp/cchqnoGd.ltrans2.ltrans.o
 .debug_loc     0x00002f47     0x1596 /tmp/cchqnoGd.ltrans3.ltrans.o
 .debug_loc     0x000044dd     0x11e5 /tmp/cchqnoGd.ltrans4.ltrans.o
 .debug_loc     0x000056c2      0xeec /tmp/cchqnoGd.ltrans5.ltrans.o
 .debug_loc     0x000065ae      0xbc9 /tmp/cchqnoGd.ltrans6.ltrans.o
 .debug_loc     0x00007177      0x814 ../hal/src/photon/lib/FreeRTOS/STM32F2xx_bootloader.a(wiced_dct_internal_common.o)
 .debug_loc     0x0000798b      0x36c ../hal/src/photon/lib/FreeRTOS/STM32F2xx_bootloader.a(waf_platform.o)

.debug_macinfo
 *(.debug_macinfo)

.debug_weaknames
 *(.debug_weaknames)

.debug_funcnames
 *(.debug_funcnames)

.debug_typenames
 *(.debug_typenames)

.debug_varnames
 *(.debug_varnames)

.module_info_suffix
                0x08003c78       0x28
                0x08003c78                . = ALIGN (., 0x2)
                0x08003c78                link_module_info_static_start = .
                0x08003c78        0x2 SHORT 0xffff
                0x08003c7a        0x2 SHORT 0xffff
 *.o(.modinfo.product_id)
 *.o(.modinfo.product_version)
                0x08003c7c                link_module_info_suffix_start = .
 *.o(.modinfo.module_info_suffix)
 .modinfo.module_info_suffix
                0x08003c7c       0x24 /tmp/cchqnoGd.ltrans0.ltrans.o
                0x08003c7c                module_info_suffix
                0x08003ca0                link_module_info_suffix_end = .

.module_end     0x08003ca0        0x0
                0x08003ca0                link_module_end = .

.module_info_crc
                0x08003ca0        0x4
                0x08003ca0                link_module_info_crc_start = .
 *.o(.modinfo.module_info_crc)
 .modinfo.module_info_crc
                0x08003ca0        0x4 /tmp/cchqnoGd.ltrans0.ltrans.o
                0x08003ca0                module_info_crc
                0x08003ca4                link_module_info_crc_end = .
                0x08004000                PROVIDE (dct1_start_addr_loc, ORIGIN (DCT1_FLASH))
                0x00004000                PROVIDE (dct1_size_loc, LENGTH (DCT1_FLASH))
                0x08008000                PROVIDE (dct2_start_addr_loc, ORIGIN (DCT2_FLASH))
                [!provide]                PROVIDE (dct2_size_loc, LENGTH (DCT2_FLASH))
                0x00000001                ASSERT ((link_module_info_start < link_module_info_end), module info not linked)
                0x00000001                ASSERT (((link_module_info_start - ORIGIN (APP_FLASH)) == 0x184), module info not where expected)
                0x00000001                ASSERT ((link_module_info_suffix_start < link_module_info_suffix_end), module info suffix not linked)
                0x00000001                ASSERT ((link_module_info_crc_start < link_module_info_crc_end), module info crc not linked)
OUTPUT(../build/target/bootloader/platform-6-lto/bootloader.elf elf32-littlearm)

.rel.dyn        0x08003ca4        0x0
 .rel.iplt      0x08003ca4        0x0 ../build/target/bootloader/platform-6-lto/startup/startup_stm32f2xx.o

.debug_ranges   0x00000000     0x10a8
 .debug_ranges  0x00000000      0x3d0 /tmp/cchqnoGd.ltrans0.ltrans.o
 .debug_ranges  0x000003d0      0x308 /tmp/cchqnoGd.ltrans1.ltrans.o
 .debug_ranges  0x000006d8      0x268 /tmp/cchqnoGd.ltrans2.ltrans.o
 .debug_ranges  0x00000940      0x1f0 /tmp/cchqnoGd.ltrans3.ltrans.o
 .debug_ranges  0x00000b30      0x170 /tmp/cchqnoGd.ltrans4.ltrans.o
 .debug_ranges  0x00000ca0      0x1b8 /tmp/cchqnoGd.ltrans5.ltrans.o
 .debug_ranges  0x00000e58      0x190 /tmp/cchqnoGd.ltrans6.ltrans.o
 .debug_ranges  0x00000fe8       0x20 ../build/target/bootloader/platform-6-lto/startup/startup_stm32f2xx.o
 .debug_ranges  0x00001008       0x70 ../hal/src/photon/lib/FreeRTOS/STM32F2xx_bootloader.a(wiced_dct_internal_common.o)
 .debug_ranges  0x00001078       0x30 ../hal/src/photon/lib/FreeRTOS/STM32F2xx_bootloader.a(waf_platform.o)
